// Jest Snapshot v1, https://goo.gl/fbAQLP

exports[`HistoryEmpty renders correctly 1`] = `
<div
  class="Container"
>
  
  No history

</div>
`;
