// Jest Snapshot v1, https://goo.gl/fbAQLP

exports[`HistoryEmptyList renders correctly 1`] = `
<div
  class="Container"
>
  
  No data

</div>
`;
