// Jest Snapshot v1, https://goo.gl/fbAQLP

exports[`HistoryList renders correctly 1`] = `
<ul
  class="Container"
/>
`;
