// Jest Snapshot v1, https://goo.gl/fbAQLP

exports[`ResultsEmpty renders correctly 1`] = `
<div
  class="Container"
>
  
  No results

</div>
`;
