// Jest Snapshot v1, https://goo.gl/fbAQLP

exports[`SearchForm emits search 1`] = `
Object {
  "createdAt": Any<Date>,
  "id": Any<Number>,
  "query": "test",
}
`;

exports[`SearchForm renders correctly 1`] = `
<form
  class="Form"
>
  <input
    class="Input"
    required="required"
    type="text"
  />
   
  <button
    class="Button"
    type="submit"
  >
    
    send
  
  </button>
</form>
`;
